
<div class="row" ng-show="expected">
        
    <div class="div-shadow">
        <div class="form-group" style="margin-top:15px;">
            <div class="col-lg-12 col-md-12 col-xs-12">
                <div class="col-lg-6 col-md-6 col-xs-12">
                    <div class="col-lg-8 col-md-3 col-xs-12">
                        <span>{{ 'LOAD_NO' | translate }}</span>
                    </div>
                    <div class="col-lg-9 col-md-9 col-xs-12">
                        <input type="text" class="form-control" ng-model="filterModel.truckLoadNo" disabled />
                    </div>
                </div>
            </div>
        </div>
        <div class="form-group">
            <div class="col-lg-12 col-md-12 col-xs-12">
                <div class="col-lg-6 col-md-6 col-xs-12">
                    <div class="col-lg-8 col-md-3 col-xs-12">
                        <!-- <span><a ng-click='$vm.chkCartonList($vm.filterModel)'>Carton</a></span> -->
                        <span>{{ 'CARTON' | translate }}</span>
                    </div>
                    <div class="col-lg-9 col-md-9 col-xs-12">
                        <input type="text" class="form-control" ng-model="filterModel.tagOutNo" ks-enter="ScanCarton()"/>
                    </div>
                </div>
            </div>
        </div>
        <div class="form-group" style="margin-top:15px;">
            <div class="col-lg-12 col-md-12 col-xs-12">
                <div class="table-responsive kl-tbl-height table-overflow">
                    <table class="table table-striped table-bordeered table-width-100">
                        <thead>
                            <tr>
                                <th class="text-center">{{ 'SALES_ORDER_NO' | translate }}</th>
                                <th class="text-center">{{ 'PICK_TICKET_NO' | translate }}</th>
                                <th class="text-center">{{ 'ZONE' | translate }}</th>
                                <th class="text-center">{{ 'QTY' | translate }}</th>
                                <th class="text-center">{{ 'COUNT' | translate }}</th>
                            </tr>
                        </thead>
                        <tbody>
                            <tr ng-repeat="data in $vm.searchResultModel" ng-if="$vm.searchResultModel.length != 0" style="{{getColor(data.isCartonEmpty)}}">
                                <td class="text-center">{{data.planGoodsIssueNo}}</td>
                                <td class="text-center">{{data.tagOutPickNo}}</td>
                                <td class="text-center">{{data.zoneName}}</td>
                                <td class="text-center">{{data.confirmTagOutQty}}</td>
                                <td class="text-center">{{data.cartonCount}}</td>
                            </tr>
                            <tr ng-if="$vm.searchResultModel.length == 0">
                                <td colspan="4" class="text-center">{{ 'NO_DATA' | translate }}</td>
                            </tr>
                        </tbody>
                    </table>
                </div>
            </div>
        <!-- <div class="form-group">
            <div class="col-lg-12 col-md-12 col-xs-12">
                <div class="col-lg-6 col-md-6 col-xs-12">
                    <div class="col-lg-8 col-md-3 col-xs-12">
                        <span>Carton Qty</span>
                    </div>
                    <div class="col-lg-9 col-md-9 col-xs-6">
                        <input type="text" class="form-control" ng-model="$vm.filterModel.cartonQty" ks-enter="ScanCartonQty()" disabled/>
                    </div>
                </div>
            </div>
        </div>

        <div class="form-group" style="margin-top:15px;">
            <div class="col-lg-12 col-md-12 col-xs-12">
                <div class="col-lg-6 col-md-6 col-xs-12">
                    <div class="col-lg-8 col-md-3 col-xs-12">
                        <span>SO No</span>
                    </div>
                    <div class="col-lg-9 col-md-9 col-xs-12">
                        <input type="text" class="form-control" ng-model="$vm.filterModel.soNo" ks-enter="ScanSoNo()" disabled/>
                    </div>
                </div>
            </div>
        </div>

        <div class="form-group">
            <div class="col-lg-12 col-md-12 col-xs-12">
                <div class="col-lg-6 col-md-6 col-xs-12">
                    <div class="col-lg-8 col-md-3 col-xs-12">
                        <span>Carton Qty</span>
                    </div>
                    <div class="col-lg-9 col-md-9 col-xs-6">
                        <input type="text" class="form-control" ng-model="$vm.filterModel.cartonQty" ks-enter="ScanCartonQty()" disabled/>
                    </div>
                </div>
            </div>
        </div>
        
        <div class="form-group" style="margin-top:15px;">
            <div class="col-lg-12 col-md-12 col-xs-12">
                <div class="col-lg-6 col-md-6 col-xs-12">
                    <div class="col-lg-8 col-md-3 col-xs-12">
                        <span>SO No</span>
                    </div>
                    <div class="col-lg-9 col-md-9 col-xs-12">
                        <input type="text" class="form-control" ng-model="$vm.filterModel.soNo" ks-enter="ScanSoNo()" disabled/>
                    </div>
                </div>
            </div>
        </div>

        <div class="form-group">
            <div class="col-lg-12 col-md-12 col-xs-12">
                <div class="col-lg-6 col-md-6 col-xs-12">
                    <div class="col-lg-8 col-md-3 col-xs-12">
                        <span>Carton Qty</span>
                    </div>
                    <div class="col-lg-9 col-md-9 col-xs-6">
                        <input type="text" class="form-control" ng-model="$vm.filterModel.cartonQty" ks-enter="ScanCartonQty()" disabled/>
                    </div>
                </div>
            </div>
        </div> -->
        
        
        <div class="form-group">
            <div class="col-lg-12 col-md-12 col-xs-12">
                <div class="text-right padding-m">
                    <button ng-click="back()" class="btn btn-success hidden-xs" ng-show="buttons.back">Back</button>
                    <button ng-click="back()" class="btn btn-success btn-block btn-md visible-xs mt-lg" ng-show="buttons.back">Back</button>
                </div>
            </div>
        </div>
    </div>
</div>